// Jest Snapshot v1, https://goo.gl/fbAQLP

exports[`[UNIT] Testing the /songs Search Bar component Snapshot testing 1`] = `
"<div class=\\"autocomplete\\"><div class=\\"field has-addons\\"><div class=\\"control search-control\\"><input placeholder=\\"Search for a song\\" type=\\"text\\" class=\\"input input-searchbar\\"> <ul class=\\"autocomplete-results\\"><li class=\\"loading\\">
          Loading results...
        </li></ul></div> <div class=\\"control\\"><a class=\\"button search-button\\">
        +
      </a></div></div></div>"
`;
